[0.028s] Invoking command in '/home/nimai/ros2_sonia_ws/src/sonia_common_ros2/matlab_msg_gen/glnxa64/build/sonia_common_ros2': PS1=(venv) VIRTUAL_ENV_PROMPT=(venv) /usr/local/MATLAB/R2024a/bin/glnxa64/cmake/bin/cmake /home/nimai/ros2_sonia_ws/src/sonia_common_ros2/matlab_msg_gen/glnxa64/src/sonia_common_ros2 -DCMAKE_BUILD_TYPE=Release -DCMAKE_SHARED_LINKER_FLAGS=-Wl,-no-as-needed -DBUILD_TESTING=OFF -DALIAS_ROS2_TF2=1 -DCMAKE_CXX_FLAGS_RELEASE=-O0 -G Ninja -DCMAKE_INSTALL_PREFIX=/home/nimai/ros2_sonia_ws/src/sonia_common_ros2/matlab_msg_gen/glnxa64/install
[0.180s] -- The C compiler identification is GNU 11.4.0
[0.285s] -- The CXX compiler identification is GNU 11.4.0
[0.300s] -- Detecting C compiler ABI info
[0.361s] -- Detecting C compiler ABI info - done
[0.370s] -- Check for working C compiler: /usr/bin/cc - skipped
[0.371s] -- Detecting C compile features
[0.372s] -- Detecting C compile features - done
[0.376s] -- Detecting CXX compiler ABI info
[0.444s] -- Detecting CXX compiler ABI info - done
[0.454s] -- Check for working CXX compiler: /usr/bin/c++ - skipped
[0.455s] -- Detecting CXX compile features
[0.455s] -- Detecting CXX compile features - done
[0.471s] -- Found ament_cmake: 1.3.3 (/usr/local/MATLAB/R2024a/sys/ros2/glnxa64/ros2/share/ament_cmake/cmake)
[1.315s] -- Found Python3: /home/nimai/.matlab/R2024a/ros2/glnxa64/venv/bin/python3.10 (found version "3.10.12") found components: Interpreter 
[1.403s] -- Found ament_cmake_ros: 0.10.0 (/usr/local/MATLAB/R2024a/sys/ros2/glnxa64/ros2/share/ament_cmake_ros/cmake)
[1.414s] -- Found rosidl_typesupport_c: 2.0.0 (/usr/local/MATLAB/R2024a/sys/ros2/glnxa64/ros2/share/rosidl_typesupport_c/cmake)
[1.415s] -- Using all available rosidl_typesupport_c: rosidl_typesupport_fastrtps_c;rosidl_typesupport_introspection_c
[1.424s] -- Found rosidl_adapter: 3.1.4 (/usr/local/MATLAB/R2024a/sys/ros2/glnxa64/ros2/share/rosidl_adapter/cmake)
[1.484s] -- Found rosidl_typesupport_cpp: 2.0.0 (/usr/local/MATLAB/R2024a/sys/ros2/glnxa64/ros2/share/rosidl_typesupport_cpp/cmake)
[1.485s] -- Using all available rosidl_typesupport_cpp: rosidl_typesupport_fastrtps_cpp;rosidl_typesupport_introspection_cpp
[1.528s] -- Found rosidl_default_generators: 1.2.0 (/usr/local/MATLAB/R2024a/sys/ros2/glnxa64/ros2/share/rosidl_default_generators/cmake)
[1.533s] -- Found class_loader: 2.2.0 (/usr/local/MATLAB/R2024a/sys/ros2/glnxa64/ros2/share/class_loader/cmake)
[1.539s] -- Found geometry_msgs: 4.2.3 (/usr/local/MATLAB/R2024a/sys/ros2/glnxa64/ros2/share/geometry_msgs/cmake)
[1.696s] -- Found rclcpp: 16.0.5 (/usr/local/MATLAB/R2024a/sys/ros2/glnxa64/ros2/share/rclcpp/cmake)
[1.778s] -- Found rmw_implementation_cmake: 6.1.1 (/usr/local/MATLAB/R2024a/sys/ros2/glnxa64/ros2/share/rmw_implementation_cmake/cmake)
[1.781s] -- Found rmw_fastrtps_cpp: 6.2.2 (/usr/local/MATLAB/R2024a/sys/ros2/glnxa64/ros2/share/rmw_fastrtps_cpp/cmake)
[1.861s] -- Found FastRTPS: /usr/local/MATLAB/R2024a/sys/ros2/glnxa64/ros2/include  
[1.895s] -- Using RMW implementation 'rmw_fastrtps_cpp' as default
[1.909s] -- Performing Test CMAKE_HAVE_LIBC_PTHREAD
[1.966s] -- Performing Test CMAKE_HAVE_LIBC_PTHREAD - Success
[1.967s] -- Found Threads: TRUE  
[2.565s] -- Using all available rosidl_typesupport_c: rosidl_typesupport_fastrtps_c;rosidl_typesupport_introspection_c
[2.829s] -- Using all available rosidl_typesupport_cpp: rosidl_typesupport_fastrtps_cpp;rosidl_typesupport_introspection_cpp
[2.842s] -- Configuring done
[2.891s] -- Generating done
[2.902s] -- Build files have been written to: /home/nimai/ros2_sonia_ws/src/sonia_common_ros2/matlab_msg_gen/glnxa64/build/sonia_common_ros2
[2.912s] Invoked command in '/home/nimai/ros2_sonia_ws/src/sonia_common_ros2/matlab_msg_gen/glnxa64/build/sonia_common_ros2' returned '0': PS1=(venv) VIRTUAL_ENV_PROMPT=(venv) /usr/local/MATLAB/R2024a/bin/glnxa64/cmake/bin/cmake /home/nimai/ros2_sonia_ws/src/sonia_common_ros2/matlab_msg_gen/glnxa64/src/sonia_common_ros2 -DCMAKE_BUILD_TYPE=Release -DCMAKE_SHARED_LINKER_FLAGS=-Wl,-no-as-needed -DBUILD_TESTING=OFF -DALIAS_ROS2_TF2=1 -DCMAKE_CXX_FLAGS_RELEASE=-O0 -G Ninja -DCMAKE_INSTALL_PREFIX=/home/nimai/ros2_sonia_ws/src/sonia_common_ros2/matlab_msg_gen/glnxa64/install
[2.914s] Invoking command in '/home/nimai/ros2_sonia_ws/src/sonia_common_ros2/matlab_msg_gen/glnxa64/build/sonia_common_ros2': PS1=(venv) VIRTUAL_ENV_PROMPT=(venv) /usr/local/MATLAB/R2024a/bin/glnxa64/cmake/bin/cmake --build /home/nimai/ros2_sonia_ws/src/sonia_common_ros2/matlab_msg_gen/glnxa64/build/sonia_common_ros2 -- -j8 -l8
[2.925s] 
[2.925s] [0/72] Generating C code for ROS interfaces[K
[3.520s] [0/72] Generating C++ code for ROS interfaces[K
[3.520s] [1/72] Generating C++ code for ROS interfaces[K
[3.521s] [1/72] Generating C++ type support for eProsima Fast-RTPS[K
[3.522s] [1/72] Generating C++ type support dispatch for ROS interfaces[K
[3.571s] [1/72] Generating C++ introspection for ROS interfaces[K
[3.572s] [2/72] Generating C code for ROS interfaces[K
[3.572s] [2/72] Building C object CMakeFiles/sonia_common_ros2__rosidl_generator_c.dir/rosidl_generator_c/sonia_common_ros2/msg/detail/kill_status__functions.c.o[K
[3.573s] [2/72] Building C object CMakeFiles/sonia_common_ros2__rosidl_generator_c.dir/rosidl_generator_c/sonia_common_ros2/msg/detail/mission_status__functions.c.o[K
[3.573s] [2/72] Building C object CMakeFiles/sonia_common_ros2__rosidl_generator_c.dir/rosidl_generator_c/sonia_common_ros2/msg/detail/pose__functions.c.o[K
[3.578s] [2/72] Building C object CMakeFiles/sonia_common_ros2__rosidl_generator_c.dir/rosidl_generator_c/sonia_common_ros2/msg/detail/pose_array__functions.c.o[K
[3.726s] [2/72] Building C object CMakeFiles/sonia_common_ros2__rosidl_generator_c.dir/rosidl_generator_c/sonia_common_ros2/msg/detail/serial_message__functions.c.o[K
[3.726s] [3/72] Building C object CMakeFiles/sonia_common_ros2__rosidl_generator_c.dir/rosidl_generator_c/sonia_common_ros2/msg/detail/mission_status__functions.c.o[K
[3.728s] [3/72] Building C object CMakeFiles/sonia_common_ros2__rosidl_generator_c.dir/rosidl_generator_c/sonia_common_ros2/srv/detail/dropper_service__functions.c.o[K
[3.728s] [4/72] Building C object CMakeFiles/sonia_common_ros2__rosidl_generator_c.dir/rosidl_generator_c/sonia_common_ros2/msg/detail/kill_status__functions.c.o[K
[3.729s] [4/72] Building C object CMakeFiles/sonia_common_ros2__rosidl_generator_c.dir/rosidl_generator_c/sonia_common_ros2/srv/detail/serial_service__functions.c.o[K
[3.729s] [5/72] Building C object CMakeFiles/sonia_common_ros2__rosidl_generator_c.dir/rosidl_generator_c/sonia_common_ros2/msg/detail/pose_array__functions.c.o[K
[3.741s] [6/72] Building C object CMakeFiles/sonia_common_ros2__rosidl_generator_c.dir/rosidl_generator_c/sonia_common_ros2/msg/detail/serial_message__functions.c.o[K
[3.871s] [7/72] Building C object CMakeFiles/sonia_common_ros2__rosidl_generator_c.dir/rosidl_generator_c/sonia_common_ros2/msg/detail/pose__functions.c.o[K
[3.906s] [8/72] Building C object CMakeFiles/sonia_common_ros2__rosidl_generator_c.dir/rosidl_generator_c/sonia_common_ros2/srv/detail/serial_service__functions.c.o[K
[3.906s] [9/72] Building C object CMakeFiles/sonia_common_ros2__rosidl_generator_c.dir/rosidl_generator_c/sonia_common_ros2/srv/detail/dropper_service__functions.c.o[K
[3.941s] [9/72] Linking C shared library libsonia_common_ros2__rosidl_generator_c.so[K
[3.941s] [10/72] Linking C shared library libsonia_common_ros2__rosidl_generator_c.so[K
[3.942s] [10/72] Generating C introspection for ROS interfaces[K
[3.942s] [10/72] Generating C type support for eProsima Fast-RTPS[K
[4.210s] [10/72] Generating C type support dispatch for ROS interfaces[K
[4.210s] [11/72] Generating C++ type support dispatch for ROS interfaces[K
[4.211s] [11/72] Building CXX object CMakeFiles/sonia_common_ros2__rosidl_typesupport_cpp.dir/rosidl_typesupport_cpp/sonia_common_ros2/msg/kill_status__type_support.cpp.o[K
[4.211s] [11/72] Building CXX object CMakeFiles/sonia_common_ros2__rosidl_typesupport_cpp.dir/rosidl_typesupport_cpp/sonia_common_ros2/msg/mission_status__type_support.cpp.o[K
[4.249s] [11/72] Building CXX object CMakeFiles/sonia_common_ros2__rosidl_typesupport_cpp.dir/rosidl_typesupport_cpp/sonia_common_ros2/msg/pose__type_support.cpp.o[K
[4.249s] [12/72] Generating C++ introspection for ROS interfaces[K
[4.564s] [12/72] Building CXX object CMakeFiles/sonia_common_ros2__rosidl_typesupport_introspection_cpp.dir/rosidl_typesupport_introspection_cpp/sonia_common_ros2/msg/detail/kill_status__type_support.cpp.o[K
[4.564s] [13/72] Generating C++ type support for eProsima Fast-RTPS[K
[4.741s] [13/72] Building CXX object CMakeFiles/sonia_common_ros2__rosidl_typesupport_fastrtps_cpp.dir/rosidl_typesupport_fastrtps_cpp/sonia_common_ros2/msg/detail/dds_fastrtps/kill_status__type_support.cpp.o[K
[4.741s] [14/72] Building CXX object CMakeFiles/sonia_common_ros2__rosidl_typesupport_cpp.dir/rosidl_typesupport_cpp/sonia_common_ros2/msg/mission_status__type_support.cpp.o[K
[4.746s] [14/72] Building CXX object CMakeFiles/sonia_common_ros2__rosidl_typesupport_fastrtps_cpp.dir/rosidl_typesupport_fastrtps_cpp/sonia_common_ros2/msg/detail/dds_fastrtps/mission_status__type_support.cpp.o[K
[4.746s] [15/72] Building CXX object CMakeFiles/sonia_common_ros2__rosidl_typesupport_cpp.dir/rosidl_typesupport_cpp/sonia_common_ros2/msg/kill_status__type_support.cpp.o[K
[4.759s] [15/72] Building CXX object CMakeFiles/sonia_common_ros2__rosidl_typesupport_fastrtps_cpp.dir/rosidl_typesupport_fastrtps_cpp/sonia_common_ros2/msg/detail/dds_fastrtps/pose__type_support.cpp.o[K
[4.759s] [16/72] Building CXX object CMakeFiles/sonia_common_ros2__rosidl_typesupport_cpp.dir/rosidl_typesupport_cpp/sonia_common_ros2/msg/pose__type_support.cpp.o[K
[4.938s] [16/72] Building CXX object CMakeFiles/sonia_common_ros2__rosidl_typesupport_fastrtps_cpp.dir/rosidl_typesupport_fastrtps_cpp/sonia_common_ros2/msg/detail/dds_fastrtps/pose_array__type_support.cpp.o[K
[4.940s] [17/72] Generating C type support dispatch for ROS interfaces[K
[4.983s] [17/72] Building CXX object CMakeFiles/sonia_common_ros2__rosidl_typesupport_c.dir/rosidl_typesupport_c/sonia_common_ros2/msg/kill_status__type_support.cpp.o[K
[4.983s] [18/72] Building CXX object CMakeFiles/sonia_common_ros2__rosidl_typesupport_c.dir/rosidl_typesupport_c/sonia_common_ros2/msg/kill_status__type_support.cpp.o[K
[4.995s] [18/72] Building CXX object CMakeFiles/sonia_common_ros2__rosidl_typesupport_c.dir/rosidl_typesupport_c/sonia_common_ros2/msg/mission_status__type_support.cpp.o[K
[4.995s] [19/72] Building CXX object CMakeFiles/sonia_common_ros2__rosidl_typesupport_introspection_cpp.dir/rosidl_typesupport_introspection_cpp/sonia_common_ros2/msg/detail/kill_status__type_support.cpp.o[K
[5.035s] [19/72] Building CXX object CMakeFiles/sonia_common_ros2__rosidl_typesupport_c.dir/rosidl_typesupport_c/sonia_common_ros2/msg/pose__type_support.cpp.o[K
[5.035s] [20/72] Building CXX object CMakeFiles/sonia_common_ros2__rosidl_typesupport_c.dir/rosidl_typesupport_c/sonia_common_ros2/msg/mission_status__type_support.cpp.o[K
[5.046s] [20/72] Building CXX object CMakeFiles/sonia_common_ros2__rosidl_typesupport_c.dir/rosidl_typesupport_c/sonia_common_ros2/msg/pose_array__type_support.cpp.o[K
[5.046s] [21/72] Building CXX object CMakeFiles/sonia_common_ros2__rosidl_typesupport_c.dir/rosidl_typesupport_c/sonia_common_ros2/msg/pose__type_support.cpp.o[K
[5.081s] [21/72] Building CXX object CMakeFiles/sonia_common_ros2__rosidl_typesupport_c.dir/rosidl_typesupport_c/sonia_common_ros2/msg/serial_message__type_support.cpp.o[K
[5.081s] [22/72] Building CXX object CMakeFiles/sonia_common_ros2__rosidl_typesupport_c.dir/rosidl_typesupport_c/sonia_common_ros2/msg/pose_array__type_support.cpp.o[K
[5.106s] [22/72] Building CXX object CMakeFiles/sonia_common_ros2__rosidl_typesupport_c.dir/rosidl_typesupport_c/sonia_common_ros2/srv/dropper_service__type_support.cpp.o[K
[5.107s] [23/72] Building CXX object CMakeFiles/sonia_common_ros2__rosidl_typesupport_c.dir/rosidl_typesupport_c/sonia_common_ros2/msg/serial_message__type_support.cpp.o[K
[5.131s] [23/72] Building CXX object CMakeFiles/sonia_common_ros2__rosidl_typesupport_c.dir/rosidl_typesupport_c/sonia_common_ros2/srv/serial_service__type_support.cpp.o[K
[5.131s] [24/72] Building CXX object CMakeFiles/sonia_common_ros2__rosidl_typesupport_c.dir/rosidl_typesupport_c/sonia_common_ros2/srv/dropper_service__type_support.cpp.o[K
[5.146s] [24/72] Building CXX object CMakeFiles/sonia_common_ros2__rosidl_typesupport_fastrtps_cpp.dir/rosidl_typesupport_fastrtps_cpp/sonia_common_ros2/msg/detail/dds_fastrtps/serial_message__type_support.cpp.o[K
[5.146s] [25/72] Generating C introspection for ROS interfaces[K
[5.147s] [25/72] Building C object CMakeFiles/sonia_common_ros2__rosidl_typesupport_introspection_c.dir/rosidl_typesupport_introspection_c/sonia_common_ros2/msg/detail/kill_status__type_support.c.o[K
[5.147s] [26/72] Building CXX object CMakeFiles/sonia_common_ros2__rosidl_typesupport_c.dir/rosidl_typesupport_c/sonia_common_ros2/srv/serial_service__type_support.cpp.o[K
[5.147s] [26/72] Building C object CMakeFiles/sonia_common_ros2__rosidl_typesupport_introspection_c.dir/rosidl_typesupport_introspection_c/sonia_common_ros2/msg/detail/mission_status__type_support.c.o[K
[5.147s] [27/72] Generating C type support for eProsima Fast-RTPS[K
[5.219s] [27/72] Building CXX object CMakeFiles/sonia_common_ros2__rosidl_typesupport_fastrtps_c.dir/rosidl_typesupport_fastrtps_c/sonia_common_ros2/msg/detail/kill_status__type_support_c.cpp.o[K
[5.223s] [28/72] Building C object CMakeFiles/sonia_common_ros2__rosidl_typesupport_introspection_c.dir/rosidl_typesupport_introspection_c/sonia_common_ros2/msg/detail/kill_status__type_support.c.o[K
[5.230s] [28/72] Building CXX object CMakeFiles/sonia_common_ros2__rosidl_typesupport_fastrtps_c.dir/rosidl_typesupport_fastrtps_c/sonia_common_ros2/msg/detail/mission_status__type_support_c.cpp.o[K
[5.230s] [29/72] Building C object CMakeFiles/sonia_common_ros2__rosidl_typesupport_introspection_c.dir/rosidl_typesupport_introspection_c/sonia_common_ros2/msg/detail/mission_status__type_support.c.o[K
[5.450s] [29/72] Building CXX object CMakeFiles/sonia_common_ros2__rosidl_typesupport_fastrtps_c.dir/rosidl_typesupport_fastrtps_c/sonia_common_ros2/msg/detail/pose__type_support_c.cpp.o[K
[5.450s] [30/72] Building CXX object CMakeFiles/sonia_common_ros2__rosidl_typesupport_fastrtps_cpp.dir/rosidl_typesupport_fastrtps_cpp/sonia_common_ros2/msg/detail/dds_fastrtps/kill_status__type_support.cpp.o[K
[5.518s] [30/72] Building CXX object CMakeFiles/sonia_common_ros2__rosidl_typesupport_fastrtps_c.dir/rosidl_typesupport_fastrtps_c/sonia_common_ros2/msg/detail/pose_array__type_support_c.cpp.o[K
[5.518s] [31/72] Building CXX object CMakeFiles/sonia_common_ros2__rosidl_typesupport_fastrtps_cpp.dir/rosidl_typesupport_fastrtps_cpp/sonia_common_ros2/msg/detail/dds_fastrtps/mission_status__type_support.cpp.o[K
[5.542s] [31/72] Building CXX object CMakeFiles/sonia_common_ros2__rosidl_typesupport_fastrtps_c.dir/rosidl_typesupport_fastrtps_c/sonia_common_ros2/msg/detail/serial_message__type_support_c.cpp.o[K
[5.542s] [32/72] Building CXX object CMakeFiles/sonia_common_ros2__rosidl_typesupport_fastrtps_cpp.dir/rosidl_typesupport_fastrtps_cpp/sonia_common_ros2/msg/detail/dds_fastrtps/pose__type_support.cpp.o[K
[5.630s] [32/72] Building CXX object CMakeFiles/sonia_common_ros2__rosidl_typesupport_fastrtps_c.dir/rosidl_typesupport_fastrtps_c/sonia_common_ros2/srv/detail/dropper_service__type_support_c.cpp.o[K
[5.631s] [33/72] Building CXX object CMakeFiles/sonia_common_ros2__rosidl_typesupport_fastrtps_cpp.dir/rosidl_typesupport_fastrtps_cpp/sonia_common_ros2/msg/detail/dds_fastrtps/pose_array__type_support.cpp.o[K
[5.836s] [33/72] Building CXX object CMakeFiles/sonia_common_ros2__rosidl_typesupport_fastrtps_c.dir/rosidl_typesupport_fastrtps_c/sonia_common_ros2/srv/detail/serial_service__type_support_c.cpp.o[K
[5.836s] [34/72] Building CXX object CMakeFiles/sonia_common_ros2__rosidl_typesupport_fastrtps_c.dir/rosidl_typesupport_fastrtps_c/sonia_common_ros2/msg/detail/kill_status__type_support_c.cpp.o[K
[5.918s] [34/72] Building C object CMakeFiles/sonia_common_ros2__rosidl_typesupport_introspection_c.dir/rosidl_typesupport_introspection_c/sonia_common_ros2/msg/detail/pose__type_support.c.o[K
[5.918s] [35/72] Building C object CMakeFiles/sonia_common_ros2__rosidl_typesupport_introspection_c.dir/rosidl_typesupport_introspection_c/sonia_common_ros2/msg/detail/pose__type_support.c.o[K
[5.920s] [35/72] Building C object CMakeFiles/sonia_common_ros2__rosidl_typesupport_introspection_c.dir/rosidl_typesupport_introspection_c/sonia_common_ros2/msg/detail/pose_array__type_support.c.o[K
[5.920s] [36/72] Building CXX object CMakeFiles/sonia_common_ros2__rosidl_typesupport_fastrtps_c.dir/rosidl_typesupport_fastrtps_c/sonia_common_ros2/msg/detail/mission_status__type_support_c.cpp.o[K
[5.946s] [36/72] Building C object CMakeFiles/sonia_common_ros2__rosidl_typesupport_introspection_c.dir/rosidl_typesupport_introspection_c/sonia_common_ros2/msg/detail/serial_message__type_support.c.o[K
[5.946s] [37/72] Building CXX object CMakeFiles/sonia_common_ros2__rosidl_typesupport_fastrtps_c.dir/rosidl_typesupport_fastrtps_c/sonia_common_ros2/msg/detail/pose__type_support_c.cpp.o[K
[6.010s] [37/72] Building C object CMakeFiles/sonia_common_ros2__rosidl_typesupport_introspection_c.dir/rosidl_typesupport_introspection_c/sonia_common_ros2/srv/detail/dropper_service__type_support.c.o[K
[6.010s] [38/72] Building C object CMakeFiles/sonia_common_ros2__rosidl_typesupport_introspection_c.dir/rosidl_typesupport_introspection_c/sonia_common_ros2/msg/detail/serial_message__type_support.c.o[K
[6.014s] [38/72] Building C object CMakeFiles/sonia_common_ros2__rosidl_typesupport_introspection_c.dir/rosidl_typesupport_introspection_c/sonia_common_ros2/srv/detail/serial_service__type_support.c.o[K
[6.014s] [39/72] Building C object CMakeFiles/sonia_common_ros2__rosidl_typesupport_introspection_c.dir/rosidl_typesupport_introspection_c/sonia_common_ros2/msg/detail/pose_array__type_support.c.o[K
[6.025s] [39/72] Linking CXX shared library libsonia_common_ros2__rosidl_typesupport_c.so[K
[6.025s] [40/72] Building C object CMakeFiles/sonia_common_ros2__rosidl_typesupport_introspection_c.dir/rosidl_typesupport_introspection_c/sonia_common_ros2/srv/detail/dropper_service__type_support.c.o[K
[6.040s] [40/72] Building CXX object CMakeFiles/sonia_common_ros2__rosidl_typesupport_fastrtps_cpp.dir/rosidl_typesupport_fastrtps_cpp/sonia_common_ros2/srv/detail/dds_fastrtps/dropper_service__type_support.cpp.o[K
[6.040s] [41/72] Building CXX object CMakeFiles/sonia_common_ros2__rosidl_typesupport_fastrtps_cpp.dir/rosidl_typesupport_fastrtps_cpp/sonia_common_ros2/msg/detail/dds_fastrtps/serial_message__type_support.cpp.o[K
[6.092s] [41/72] Building CXX object CMakeFiles/sonia_common_ros2__rosidl_typesupport_fastrtps_cpp.dir/rosidl_typesupport_fastrtps_cpp/sonia_common_ros2/srv/detail/dds_fastrtps/serial_service__type_support.cpp.o[K
[6.092s] [42/72] Building C object CMakeFiles/sonia_common_ros2__rosidl_typesupport_introspection_c.dir/rosidl_typesupport_introspection_c/sonia_common_ros2/srv/detail/serial_service__type_support.c.o[K
[6.134s] [42/72] Linking C shared library libsonia_common_ros2__rosidl_typesupport_introspection_c.so[K
[6.134s] [43/72] Linking CXX shared library libsonia_common_ros2__rosidl_typesupport_c.so[K
[6.138s] [43/72] Building CXX object CMakeFiles/sonia_common_ros2__rosidl_typesupport_introspection_cpp.dir/rosidl_typesupport_introspection_cpp/sonia_common_ros2/msg/detail/mission_status__type_support.cpp.o[K
[6.139s] [44/72] Linking C shared library libsonia_common_ros2__rosidl_typesupport_introspection_c.so[K
[6.139s] [44/72] Building CXX object CMakeFiles/sonia_common_ros2__rosidl_typesupport_introspection_cpp.dir/rosidl_typesupport_introspection_cpp/sonia_common_ros2/msg/detail/pose__type_support.cpp.o[K
[6.139s] [45/72] Building CXX object CMakeFiles/sonia_common_ros2__rosidl_typesupport_fastrtps_c.dir/rosidl_typesupport_fastrtps_c/sonia_common_ros2/msg/detail/pose_array__type_support_c.cpp.o[K
[6.231s] [45/72] Building CXX object CMakeFiles/sonia_common_ros2__rosidl_typesupport_introspection_cpp.dir/rosidl_typesupport_introspection_cpp/sonia_common_ros2/msg/detail/pose_array__type_support.cpp.o[K
[6.232s] [46/72] Building CXX object CMakeFiles/sonia_common_ros2__rosidl_typesupport_fastrtps_c.dir/rosidl_typesupport_fastrtps_c/sonia_common_ros2/msg/detail/serial_message__type_support_c.cpp.o[K
[6.290s] [46/72] Building CXX object CMakeFiles/sonia_common_ros2__rosidl_typesupport_introspection_cpp.dir/rosidl_typesupport_introspection_cpp/sonia_common_ros2/msg/detail/serial_message__type_support.cpp.o[K
[6.290s] [47/72] Building CXX object CMakeFiles/sonia_common_ros2__rosidl_typesupport_fastrtps_c.dir/rosidl_typesupport_fastrtps_c/sonia_common_ros2/srv/detail/dropper_service__type_support_c.cpp.o[K
[6.362s] [47/72] Building CXX object CMakeFiles/sonia_common_ros2__rosidl_typesupport_introspection_cpp.dir/rosidl_typesupport_introspection_cpp/sonia_common_ros2/srv/detail/dropper_service__type_support.cpp.o[K
[6.362s] [48/72] Building CXX object CMakeFiles/sonia_common_ros2__rosidl_typesupport_fastrtps_c.dir/rosidl_typesupport_fastrtps_c/sonia_common_ros2/srv/detail/serial_service__type_support_c.cpp.o[K
[6.527s] [48/72] Linking CXX shared library libsonia_common_ros2__rosidl_typesupport_fastrtps_c.so[K
[6.527s] [49/72] Linking CXX shared library libsonia_common_ros2__rosidl_typesupport_fastrtps_c.so[K
[6.846s] [49/72] Building CXX object CMakeFiles/sonia_common_ros2__rosidl_typesupport_introspection_cpp.dir/rosidl_typesupport_introspection_cpp/sonia_common_ros2/srv/detail/serial_service__type_support.cpp.o[K
[6.846s] [50/72] Building CXX object CMakeFiles/sonia_common_ros2__rosidl_typesupport_fastrtps_cpp.dir/rosidl_typesupport_fastrtps_cpp/sonia_common_ros2/srv/detail/dds_fastrtps/dropper_service__type_support.cpp.o[K
[6.861s] [50/72] Building CXX object CMakeFiles/sonia_common_ros2__rosidl_typesupport_cpp.dir/rosidl_typesupport_cpp/sonia_common_ros2/msg/pose_array__type_support.cpp.o[K
[6.862s] [51/72] Building CXX object CMakeFiles/sonia_common_ros2__rosidl_typesupport_fastrtps_cpp.dir/rosidl_typesupport_fastrtps_cpp/sonia_common_ros2/srv/detail/dds_fastrtps/serial_service__type_support.cpp.o[K
[6.886s] [51/72] Linking CXX shared library libsonia_common_ros2__rosidl_typesupport_fastrtps_cpp.so[K
[6.886s] [52/72] Building CXX object CMakeFiles/sonia_common_ros2__rosidl_typesupport_introspection_cpp.dir/rosidl_typesupport_introspection_cpp/sonia_common_ros2/msg/detail/mission_status__type_support.cpp.o[K
[6.910s] [52/72] Building CXX object CMakeFiles/sonia_common_ros2__rosidl_typesupport_cpp.dir/rosidl_typesupport_cpp/sonia_common_ros2/msg/serial_message__type_support.cpp.o[K
[6.910s] [53/72] Building CXX object CMakeFiles/sonia_common_ros2__rosidl_typesupport_introspection_cpp.dir/rosidl_typesupport_introspection_cpp/sonia_common_ros2/msg/detail/pose__type_support.cpp.o[K
[6.970s] [53/72] Building CXX object CMakeFiles/sonia_common_ros2__rosidl_typesupport_cpp.dir/rosidl_typesupport_cpp/sonia_common_ros2/srv/dropper_service__type_support.cpp.o[K
[6.970s] [54/72] Building CXX object CMakeFiles/sonia_common_ros2__rosidl_typesupport_introspection_cpp.dir/rosidl_typesupport_introspection_cpp/sonia_common_ros2/msg/detail/pose_array__type_support.cpp.o[K
[7.010s] [54/72] Building CXX object CMakeFiles/sonia_common_ros2__rosidl_typesupport_cpp.dir/rosidl_typesupport_cpp/sonia_common_ros2/srv/serial_service__type_support.cpp.o[K
[7.010s] [55/72] Linking CXX shared library libsonia_common_ros2__rosidl_typesupport_fastrtps_cpp.so[K
[7.042s] [55/72] Building CXX object CMakeFiles/sonia_common_ros2_matlab.dir/src/sonia_common_ros2_KillStatus_message.cpp.o[K
[7.042s] [56/72] Building CXX object CMakeFiles/sonia_common_ros2__rosidl_typesupport_introspection_cpp.dir/rosidl_typesupport_introspection_cpp/sonia_common_ros2/srv/detail/dropper_service__type_support.cpp.o[K
[7.043s] [56/72] Building CXX object CMakeFiles/sonia_common_ros2_matlab.dir/src/sonia_common_ros2_MissionStatus_message.cpp.o[K
[7.043s] [57/72] Building CXX object CMakeFiles/sonia_common_ros2__rosidl_typesupport_introspection_cpp.dir/rosidl_typesupport_introspection_cpp/sonia_common_ros2/msg/detail/serial_message__type_support.cpp.o[K
[7.318s] [57/72] Building CXX object CMakeFiles/sonia_common_ros2_matlab.dir/src/sonia_common_ros2_Pose_message.cpp.o[K
[7.318s] [58/72] Building CXX object CMakeFiles/sonia_common_ros2__rosidl_typesupport_introspection_cpp.dir/rosidl_typesupport_introspection_cpp/sonia_common_ros2/srv/detail/serial_service__type_support.cpp.o[K
[7.378s] [58/72] Linking CXX shared library libsonia_common_ros2__rosidl_typesupport_introspection_cpp.so[K
[7.378s] [59/72] Building CXX object CMakeFiles/sonia_common_ros2__rosidl_typesupport_cpp.dir/rosidl_typesupport_cpp/sonia_common_ros2/msg/pose_array__type_support.cpp.o[K
[7.474s] [59/72] Building CXX object CMakeFiles/sonia_common_ros2_matlab.dir/src/sonia_common_ros2_PoseArray_message.cpp.o[K
[7.474s] [60/72] Linking CXX shared library libsonia_common_ros2__rosidl_typesupport_introspection_cpp.so[K
[7.502s] [60/72] Building CXX object CMakeFiles/sonia_common_ros2_matlab.dir/src/sonia_common_ros2_SerialMessage_message.cpp.o[K
[7.502s] [61/72] Building CXX object CMakeFiles/sonia_common_ros2__rosidl_typesupport_cpp.dir/rosidl_typesupport_cpp/sonia_common_ros2/msg/serial_message__type_support.cpp.o[K
[7.564s] [61/72] Building CXX object CMakeFiles/sonia_common_ros2_matlab.dir/src/sonia_common_ros2_DropperService_service.cpp.o[K
[7.564s] [62/72] Building CXX object CMakeFiles/sonia_common_ros2__rosidl_typesupport_cpp.dir/rosidl_typesupport_cpp/sonia_common_ros2/srv/serial_service__type_support.cpp.o[K
[7.583s] [62/72] Building CXX object CMakeFiles/sonia_common_ros2_matlab.dir/src/sonia_common_ros2_SerialService_service.cpp.o[K
[7.583s] [63/72] Building CXX object CMakeFiles/sonia_common_ros2__rosidl_typesupport_cpp.dir/rosidl_typesupport_cpp/sonia_common_ros2/srv/dropper_service__type_support.cpp.o[K
[7.736s] [63/72] Linking CXX shared library libsonia_common_ros2__rosidl_typesupport_cpp.so[K
[28.036s] [64/72] Linking CXX shared library libsonia_common_ros2__rosidl_typesupport_cpp.so[K
[28.041s] [65/72] Building CXX object CMakeFiles/sonia_common_ros2_matlab.dir/src/sonia_common_ros2_MissionStatus_message.cpp.o[K
[28.750s] [66/72] Building CXX object CMakeFiles/sonia_common_ros2_matlab.dir/src/sonia_common_ros2_KillStatus_message.cpp.o[K
[28.895s] [67/72] Building CXX object CMakeFiles/sonia_common_ros2_matlab.dir/src/sonia_common_ros2_SerialMessage_message.cpp.o[K
[29.016s] [68/72] Building CXX object CMakeFiles/sonia_common_ros2_matlab.dir/src/sonia_common_ros2_PoseArray_message.cpp.o[K
[33.732s] [69/72] Building CXX object CMakeFiles/sonia_common_ros2_matlab.dir/src/sonia_common_ros2_Pose_message.cpp.o[K
[34.246s] [70/72] Building CXX object CMakeFiles/sonia_common_ros2_matlab.dir/src/sonia_common_ros2_DropperService_service.cpp.o[K
[34.247s] [71/72] Building CXX object CMakeFiles/sonia_common_ros2_matlab.dir/src/sonia_common_ros2_SerialService_service.cpp.o[K
[37.048s] [71/72] Linking CXX shared library libsonia_common_ros2_matlab.so[K
[37.049s] [72/72] Linking CXX shared library libsonia_common_ros2_matlab.so[K
[37.061s] Invoked command in '/home/nimai/ros2_sonia_ws/src/sonia_common_ros2/matlab_msg_gen/glnxa64/build/sonia_common_ros2' returned '0': PS1=(venv) VIRTUAL_ENV_PROMPT=(venv) /usr/local/MATLAB/R2024a/bin/glnxa64/cmake/bin/cmake --build /home/nimai/ros2_sonia_ws/src/sonia_common_ros2/matlab_msg_gen/glnxa64/build/sonia_common_ros2 -- -j8 -l8
[37.084s] Invoking command in '/home/nimai/ros2_sonia_ws/src/sonia_common_ros2/matlab_msg_gen/glnxa64/build/sonia_common_ros2': PS1=(venv) VIRTUAL_ENV_PROMPT=(venv) /usr/local/MATLAB/R2024a/bin/glnxa64/cmake/bin/cmake --install /home/nimai/ros2_sonia_ws/src/sonia_common_ros2/matlab_msg_gen/glnxa64/build/sonia_common_ros2
[37.086s] -- Install configuration: "Release"
[37.087s] -- Installing: /home/nimai/ros2_sonia_ws/src/sonia_common_ros2/matlab_msg_gen/glnxa64/install/share/ament_index/resource_index/rosidl_interfaces/sonia_common_ros2
[37.087s] -- Installing: /home/nimai/ros2_sonia_ws/src/sonia_common_ros2/matlab_msg_gen/glnxa64/install/include/sonia_common_ros2/sonia_common_ros2
[37.087s] -- Installing: /home/nimai/ros2_sonia_ws/src/sonia_common_ros2/matlab_msg_gen/glnxa64/install/include/sonia_common_ros2/sonia_common_ros2/msg
[37.087s] -- Installing: /home/nimai/ros2_sonia_ws/src/sonia_common_ros2/matlab_msg_gen/glnxa64/install/include/sonia_common_ros2/sonia_common_ros2/msg/serial_message.h
[37.087s] -- Installing: /home/nimai/ros2_sonia_ws/src/sonia_common_ros2/matlab_msg_gen/glnxa64/install/include/sonia_common_ros2/sonia_common_ros2/msg/rosidl_generator_c__visibility_control.h
[37.087s] -- Installing: /home/nimai/ros2_sonia_ws/src/sonia_common_ros2/matlab_msg_gen/glnxa64/install/include/sonia_common_ros2/sonia_common_ros2/msg/detail
[37.087s] -- Installing: /home/nimai/ros2_sonia_ws/src/sonia_common_ros2/matlab_msg_gen/glnxa64/install/include/sonia_common_ros2/sonia_common_ros2/msg/detail/kill_status__functions.h
[37.087s] -- Installing: /home/nimai/ros2_sonia_ws/src/sonia_common_ros2/matlab_msg_gen/glnxa64/install/include/sonia_common_ros2/sonia_common_ros2/msg/detail/serial_message__struct.h
[37.087s] -- Installing: /home/nimai/ros2_sonia_ws/src/sonia_common_ros2/matlab_msg_gen/glnxa64/install/include/sonia_common_ros2/sonia_common_ros2/msg/detail/mission_status__type_support.h
[37.087s] -- Installing: /home/nimai/ros2_sonia_ws/src/sonia_common_ros2/matlab_msg_gen/glnxa64/install/include/sonia_common_ros2/sonia_common_ros2/msg/detail/mission_status__struct.h
[37.087s] -- Installing: /home/nimai/ros2_sonia_ws/src/sonia_common_ros2/matlab_msg_gen/glnxa64/install/include/sonia_common_ros2/sonia_common_ros2/msg/detail/serial_message__type_support.h
[37.088s] -- Installing: /home/nimai/ros2_sonia_ws/src/sonia_common_ros2/matlab_msg_gen/glnxa64/install/include/sonia_common_ros2/sonia_common_ros2/msg/detail/pose__type_support.h
[37.088s] -- Installing: /home/nimai/ros2_sonia_ws/src/sonia_common_ros2/matlab_msg_gen/glnxa64/install/include/sonia_common_ros2/sonia_common_ros2/msg/detail/pose_array__functions.c
[37.088s] -- Installing: /home/nimai/ros2_sonia_ws/src/sonia_common_ros2/matlab_msg_gen/glnxa64/install/include/sonia_common_ros2/sonia_common_ros2/msg/detail/pose_array__functions.h
[37.088s] -- Installing: /home/nimai/ros2_sonia_ws/src/sonia_common_ros2/matlab_msg_gen/glnxa64/install/include/sonia_common_ros2/sonia_common_ros2/msg/detail/kill_status__type_support.h
[37.088s] -- Installing: /home/nimai/ros2_sonia_ws/src/sonia_common_ros2/matlab_msg_gen/glnxa64/install/include/sonia_common_ros2/sonia_common_ros2/msg/detail/serial_message__functions.h
[37.088s] -- Installing: /home/nimai/ros2_sonia_ws/src/sonia_common_ros2/matlab_msg_gen/glnxa64/install/include/sonia_common_ros2/sonia_common_ros2/msg/detail/kill_status__struct.h
[37.088s] -- Installing: /home/nimai/ros2_sonia_ws/src/sonia_common_ros2/matlab_msg_gen/glnxa64/install/include/sonia_common_ros2/sonia_common_ros2/msg/detail/mission_status__functions.c
[37.088s] -- Installing: /home/nimai/ros2_sonia_ws/src/sonia_common_ros2/matlab_msg_gen/glnxa64/install/include/sonia_common_ros2/sonia_common_ros2/msg/detail/pose_array__struct.h
[37.088s] -- Installing: /home/nimai/ros2_sonia_ws/src/sonia_common_ros2/matlab_msg_gen/glnxa64/install/include/sonia_common_ros2/sonia_common_ros2/msg/detail/serial_message__functions.c
[37.088s] -- Installing: /home/nimai/ros2_sonia_ws/src/sonia_common_ros2/matlab_msg_gen/glnxa64/install/include/sonia_common_ros2/sonia_common_ros2/msg/detail/pose_array__type_support.h
[37.089s] -- Installing: /home/nimai/ros2_sonia_ws/src/sonia_common_ros2/matlab_msg_gen/glnxa64/install/include/sonia_common_ros2/sonia_common_ros2/msg/detail/mission_status__functions.h
[37.089s] -- Installing: /home/nimai/ros2_sonia_ws/src/sonia_common_ros2/matlab_msg_gen/glnxa64/install/include/sonia_common_ros2/sonia_common_ros2/msg/detail/pose__functions.c
[37.089s] -- Installing: /home/nimai/ros2_sonia_ws/src/sonia_common_ros2/matlab_msg_gen/glnxa64/install/include/sonia_common_ros2/sonia_common_ros2/msg/detail/kill_status__functions.c
[37.089s] -- Installing: /home/nimai/ros2_sonia_ws/src/sonia_common_ros2/matlab_msg_gen/glnxa64/install/include/sonia_common_ros2/sonia_common_ros2/msg/detail/pose__functions.h
[37.089s] -- Installing: /home/nimai/ros2_sonia_ws/src/sonia_common_ros2/matlab_msg_gen/glnxa64/install/include/sonia_common_ros2/sonia_common_ros2/msg/detail/pose__struct.h
[37.089s] -- Installing: /home/nimai/ros2_sonia_ws/src/sonia_common_ros2/matlab_msg_gen/glnxa64/install/include/sonia_common_ros2/sonia_common_ros2/msg/pose_array.h
[37.089s] -- Installing: /home/nimai/ros2_sonia_ws/src/sonia_common_ros2/matlab_msg_gen/glnxa64/install/include/sonia_common_ros2/sonia_common_ros2/msg/kill_status.h
[37.089s] -- Installing: /home/nimai/ros2_sonia_ws/src/sonia_common_ros2/matlab_msg_gen/glnxa64/install/include/sonia_common_ros2/sonia_common_ros2/msg/mission_status.h
[37.089s] -- Installing: /home/nimai/ros2_sonia_ws/src/sonia_common_ros2/matlab_msg_gen/glnxa64/install/include/sonia_common_ros2/sonia_common_ros2/msg/pose.h
[37.089s] -- Installing: /home/nimai/ros2_sonia_ws/src/sonia_common_ros2/matlab_msg_gen/glnxa64/install/include/sonia_common_ros2/sonia_common_ros2/srv
[37.089s] -- Installing: /home/nimai/ros2_sonia_ws/src/sonia_common_ros2/matlab_msg_gen/glnxa64/install/include/sonia_common_ros2/sonia_common_ros2/srv/detail
[37.090s] -- Installing: /home/nimai/ros2_sonia_ws/src/sonia_common_ros2/matlab_msg_gen/glnxa64/install/include/sonia_common_ros2/sonia_common_ros2/srv/detail/serial_service__type_support.h
[37.090s] -- Installing: /home/nimai/ros2_sonia_ws/src/sonia_common_ros2/matlab_msg_gen/glnxa64/install/include/sonia_common_ros2/sonia_common_ros2/srv/detail/serial_service__functions.c
[37.090s] -- Installing: /home/nimai/ros2_sonia_ws/src/sonia_common_ros2/matlab_msg_gen/glnxa64/install/include/sonia_common_ros2/sonia_common_ros2/srv/detail/dropper_service__struct.h
[37.090s] -- Installing: /home/nimai/ros2_sonia_ws/src/sonia_common_ros2/matlab_msg_gen/glnxa64/install/include/sonia_common_ros2/sonia_common_ros2/srv/detail/serial_service__struct.h
[37.090s] -- Installing: /home/nimai/ros2_sonia_ws/src/sonia_common_ros2/matlab_msg_gen/glnxa64/install/include/sonia_common_ros2/sonia_common_ros2/srv/detail/dropper_service__type_support.h
[37.090s] -- Installing: /home/nimai/ros2_sonia_ws/src/sonia_common_ros2/matlab_msg_gen/glnxa64/install/include/sonia_common_ros2/sonia_common_ros2/srv/detail/dropper_service__functions.c
[37.090s] -- Installing: /home/nimai/ros2_sonia_ws/src/sonia_common_ros2/matlab_msg_gen/glnxa64/install/include/sonia_common_ros2/sonia_common_ros2/srv/detail/serial_service__functions.h
[37.090s] -- Installing: /home/nimai/ros2_sonia_ws/src/sonia_common_ros2/matlab_msg_gen/glnxa64/install/include/sonia_common_ros2/sonia_common_ros2/srv/detail/dropper_service__functions.h
[37.090s] -- Installing: /home/nimai/ros2_sonia_ws/src/sonia_common_ros2/matlab_msg_gen/glnxa64/install/include/sonia_common_ros2/sonia_common_ros2/srv/dropper_service.h
[37.091s] -- Installing: /home/nimai/ros2_sonia_ws/src/sonia_common_ros2/matlab_msg_gen/glnxa64/install/include/sonia_common_ros2/sonia_common_ros2/srv/serial_service.h
[37.091s] -- Installing: /home/nimai/ros2_sonia_ws/src/sonia_common_ros2/matlab_msg_gen/glnxa64/install/share/sonia_common_ros2/environment/library_path.sh
[37.091s] -- Installing: /home/nimai/ros2_sonia_ws/src/sonia_common_ros2/matlab_msg_gen/glnxa64/install/share/sonia_common_ros2/environment/library_path.dsv
[37.091s] -- Installing: /home/nimai/ros2_sonia_ws/src/sonia_common_ros2/matlab_msg_gen/glnxa64/install/lib/libsonia_common_ros2__rosidl_generator_c.so
[37.091s] -- Up-to-date: /home/nimai/ros2_sonia_ws/src/sonia_common_ros2/matlab_msg_gen/glnxa64/install/include/sonia_common_ros2/sonia_common_ros2
[37.091s] -- Up-to-date: /home/nimai/ros2_sonia_ws/src/sonia_common_ros2/matlab_msg_gen/glnxa64/install/include/sonia_common_ros2/sonia_common_ros2/msg
[37.091s] -- Up-to-date: /home/nimai/ros2_sonia_ws/src/sonia_common_ros2/matlab_msg_gen/glnxa64/install/include/sonia_common_ros2/sonia_common_ros2/msg/detail
[37.091s] -- Installing: /home/nimai/ros2_sonia_ws/src/sonia_common_ros2/matlab_msg_gen/glnxa64/install/include/sonia_common_ros2/sonia_common_ros2/msg/detail/serial_message__rosidl_typesupport_fastrtps_c.h
[37.092s] -- Installing: /home/nimai/ros2_sonia_ws/src/sonia_common_ros2/matlab_msg_gen/glnxa64/install/include/sonia_common_ros2/sonia_common_ros2/msg/detail/pose__rosidl_typesupport_fastrtps_c.h
[37.092s] -- Installing: /home/nimai/ros2_sonia_ws/src/sonia_common_ros2/matlab_msg_gen/glnxa64/install/include/sonia_common_ros2/sonia_common_ros2/msg/detail/mission_status__rosidl_typesupport_fastrtps_c.h
[37.092s] -- Installing: /home/nimai/ros2_sonia_ws/src/sonia_common_ros2/matlab_msg_gen/glnxa64/install/include/sonia_common_ros2/sonia_common_ros2/msg/detail/pose_array__rosidl_typesupport_fastrtps_c.h
[37.092s] -- Installing: /home/nimai/ros2_sonia_ws/src/sonia_common_ros2/matlab_msg_gen/glnxa64/install/include/sonia_common_ros2/sonia_common_ros2/msg/detail/kill_status__rosidl_typesupport_fastrtps_c.h
[37.092s] -- Installing: /home/nimai/ros2_sonia_ws/src/sonia_common_ros2/matlab_msg_gen/glnxa64/install/include/sonia_common_ros2/sonia_common_ros2/msg/rosidl_typesupport_fastrtps_c__visibility_control.h
[37.092s] -- Up-to-date: /home/nimai/ros2_sonia_ws/src/sonia_common_ros2/matlab_msg_gen/glnxa64/install/include/sonia_common_ros2/sonia_common_ros2/srv
[37.092s] -- Up-to-date: /home/nimai/ros2_sonia_ws/src/sonia_common_ros2/matlab_msg_gen/glnxa64/install/include/sonia_common_ros2/sonia_common_ros2/srv/detail
[37.092s] -- Installing: /home/nimai/ros2_sonia_ws/src/sonia_common_ros2/matlab_msg_gen/glnxa64/install/include/sonia_common_ros2/sonia_common_ros2/srv/detail/serial_service__rosidl_typesupport_fastrtps_c.h
[37.092s] -- Installing: /home/nimai/ros2_sonia_ws/src/sonia_common_ros2/matlab_msg_gen/glnxa64/install/include/sonia_common_ros2/sonia_common_ros2/srv/detail/dropper_service__rosidl_typesupport_fastrtps_c.h
[37.092s] -- Installing: /home/nimai/ros2_sonia_ws/src/sonia_common_ros2/matlab_msg_gen/glnxa64/install/lib/libsonia_common_ros2__rosidl_typesupport_fastrtps_c.so
[37.093s] -- Up-to-date: /home/nimai/ros2_sonia_ws/src/sonia_common_ros2/matlab_msg_gen/glnxa64/install/include/sonia_common_ros2/sonia_common_ros2
[37.093s] -- Up-to-date: /home/nimai/ros2_sonia_ws/src/sonia_common_ros2/matlab_msg_gen/glnxa64/install/include/sonia_common_ros2/sonia_common_ros2/msg
[37.093s] -- Up-to-date: /home/nimai/ros2_sonia_ws/src/sonia_common_ros2/matlab_msg_gen/glnxa64/install/include/sonia_common_ros2/sonia_common_ros2/msg/detail
[37.093s] -- Installing: /home/nimai/ros2_sonia_ws/src/sonia_common_ros2/matlab_msg_gen/glnxa64/install/include/sonia_common_ros2/sonia_common_ros2/msg/detail/pose__rosidl_typesupport_introspection_c.h
[37.093s] -- Installing: /home/nimai/ros2_sonia_ws/src/sonia_common_ros2/matlab_msg_gen/glnxa64/install/include/sonia_common_ros2/sonia_common_ros2/msg/detail/pose_array__type_support.c
[37.093s] -- Installing: /home/nimai/ros2_sonia_ws/src/sonia_common_ros2/matlab_msg_gen/glnxa64/install/include/sonia_common_ros2/sonia_common_ros2/msg/detail/pose__type_support.c
[37.093s] -- Installing: /home/nimai/ros2_sonia_ws/src/sonia_common_ros2/matlab_msg_gen/glnxa64/install/include/sonia_common_ros2/sonia_common_ros2/msg/detail/serial_message__rosidl_typesupport_introspection_c.h
[37.093s] -- Installing: /home/nimai/ros2_sonia_ws/src/sonia_common_ros2/matlab_msg_gen/glnxa64/install/include/sonia_common_ros2/sonia_common_ros2/msg/detail/kill_status__type_support.c
[37.093s] -- Installing: /home/nimai/ros2_sonia_ws/src/sonia_common_ros2/matlab_msg_gen/glnxa64/install/include/sonia_common_ros2/sonia_common_ros2/msg/detail/pose_array__rosidl_typesupport_introspection_c.h
[37.093s] -- Installing: /home/nimai/ros2_sonia_ws/src/sonia_common_ros2/matlab_msg_gen/glnxa64/install/include/sonia_common_ros2/sonia_common_ros2/msg/detail/mission_status__rosidl_typesupport_introspection_c.h
[37.093s] -- Installing: /home/nimai/ros2_sonia_ws/src/sonia_common_ros2/matlab_msg_gen/glnxa64/install/include/sonia_common_ros2/sonia_common_ros2/msg/detail/mission_status__type_support.c
[37.094s] -- Installing: /home/nimai/ros2_sonia_ws/src/sonia_common_ros2/matlab_msg_gen/glnxa64/install/include/sonia_common_ros2/sonia_common_ros2/msg/detail/kill_status__rosidl_typesupport_introspection_c.h
[37.094s] -- Installing: /home/nimai/ros2_sonia_ws/src/sonia_common_ros2/matlab_msg_gen/glnxa64/install/include/sonia_common_ros2/sonia_common_ros2/msg/detail/serial_message__type_support.c
[37.094s] -- Installing: /home/nimai/ros2_sonia_ws/src/sonia_common_ros2/matlab_msg_gen/glnxa64/install/include/sonia_common_ros2/sonia_common_ros2/msg/rosidl_typesupport_introspection_c__visibility_control.h
[37.094s] -- Up-to-date: /home/nimai/ros2_sonia_ws/src/sonia_common_ros2/matlab_msg_gen/glnxa64/install/include/sonia_common_ros2/sonia_common_ros2/srv
[37.094s] -- Up-to-date: /home/nimai/ros2_sonia_ws/src/sonia_common_ros2/matlab_msg_gen/glnxa64/install/include/sonia_common_ros2/sonia_common_ros2/srv/detail
[37.094s] -- Installing: /home/nimai/ros2_sonia_ws/src/sonia_common_ros2/matlab_msg_gen/glnxa64/install/include/sonia_common_ros2/sonia_common_ros2/srv/detail/serial_service__type_support.c
[37.094s] -- Installing: /home/nimai/ros2_sonia_ws/src/sonia_common_ros2/matlab_msg_gen/glnxa64/install/include/sonia_common_ros2/sonia_common_ros2/srv/detail/dropper_service__rosidl_typesupport_introspection_c.h
[37.094s] -- Installing: /home/nimai/ros2_sonia_ws/src/sonia_common_ros2/matlab_msg_gen/glnxa64/install/include/sonia_common_ros2/sonia_common_ros2/srv/detail/dropper_service__type_support.c
[37.094s] -- Installing: /home/nimai/ros2_sonia_ws/src/sonia_common_ros2/matlab_msg_gen/glnxa64/install/include/sonia_common_ros2/sonia_common_ros2/srv/detail/serial_service__rosidl_typesupport_introspection_c.h
[37.094s] -- Installing: /home/nimai/ros2_sonia_ws/src/sonia_common_ros2/matlab_msg_gen/glnxa64/install/lib/libsonia_common_ros2__rosidl_typesupport_introspection_c.so
[37.095s] -- Installing: /home/nimai/ros2_sonia_ws/src/sonia_common_ros2/matlab_msg_gen/glnxa64/install/lib/libsonia_common_ros2__rosidl_typesupport_c.so
[37.095s] -- Up-to-date: /home/nimai/ros2_sonia_ws/src/sonia_common_ros2/matlab_msg_gen/glnxa64/install/include/sonia_common_ros2/sonia_common_ros2
[37.095s] -- Up-to-date: /home/nimai/ros2_sonia_ws/src/sonia_common_ros2/matlab_msg_gen/glnxa64/install/include/sonia_common_ros2/sonia_common_ros2/msg
[37.095s] -- Up-to-date: /home/nimai/ros2_sonia_ws/src/sonia_common_ros2/matlab_msg_gen/glnxa64/install/include/sonia_common_ros2/sonia_common_ros2/msg/detail
[37.095s] -- Installing: /home/nimai/ros2_sonia_ws/src/sonia_common_ros2/matlab_msg_gen/glnxa64/install/include/sonia_common_ros2/sonia_common_ros2/msg/detail/serial_message__traits.hpp
[37.095s] -- Installing: /home/nimai/ros2_sonia_ws/src/sonia_common_ros2/matlab_msg_gen/glnxa64/install/include/sonia_common_ros2/sonia_common_ros2/msg/detail/serial_message__builder.hpp
[37.095s] -- Installing: /home/nimai/ros2_sonia_ws/src/sonia_common_ros2/matlab_msg_gen/glnxa64/install/include/sonia_common_ros2/sonia_common_ros2/msg/detail/pose_array__traits.hpp
[37.095s] -- Installing: /home/nimai/ros2_sonia_ws/src/sonia_common_ros2/matlab_msg_gen/glnxa64/install/include/sonia_common_ros2/sonia_common_ros2/msg/detail/pose__traits.hpp
[37.095s] -- Installing: /home/nimai/ros2_sonia_ws/src/sonia_common_ros2/matlab_msg_gen/glnxa64/install/include/sonia_common_ros2/sonia_common_ros2/msg/detail/kill_status__builder.hpp
[37.095s] -- Installing: /home/nimai/ros2_sonia_ws/src/sonia_common_ros2/matlab_msg_gen/glnxa64/install/include/sonia_common_ros2/sonia_common_ros2/msg/detail/pose_array__builder.hpp
[37.096s] -- Installing: /home/nimai/ros2_sonia_ws/src/sonia_common_ros2/matlab_msg_gen/glnxa64/install/include/sonia_common_ros2/sonia_common_ros2/msg/detail/mission_status__traits.hpp
[37.096s] -- Installing: /home/nimai/ros2_sonia_ws/src/sonia_common_ros2/matlab_msg_gen/glnxa64/install/include/sonia_common_ros2/sonia_common_ros2/msg/detail/pose__struct.hpp
[37.096s] -- Installing: /home/nimai/ros2_sonia_ws/src/sonia_common_ros2/matlab_msg_gen/glnxa64/install/include/sonia_common_ros2/sonia_common_ros2/msg/detail/mission_status__struct.hpp
[37.096s] -- Installing: /home/nimai/ros2_sonia_ws/src/sonia_common_ros2/matlab_msg_gen/glnxa64/install/include/sonia_common_ros2/sonia_common_ros2/msg/detail/pose_array__struct.hpp
[37.096s] -- Installing: /home/nimai/ros2_sonia_ws/src/sonia_common_ros2/matlab_msg_gen/glnxa64/install/include/sonia_common_ros2/sonia_common_ros2/msg/detail/kill_status__struct.hpp
[37.096s] -- Installing: /home/nimai/ros2_sonia_ws/src/sonia_common_ros2/matlab_msg_gen/glnxa64/install/include/sonia_common_ros2/sonia_common_ros2/msg/detail/kill_status__traits.hpp
[37.096s] -- Installing: /home/nimai/ros2_sonia_ws/src/sonia_common_ros2/matlab_msg_gen/glnxa64/install/include/sonia_common_ros2/sonia_common_ros2/msg/detail/mission_status__builder.hpp
[37.096s] -- Installing: /home/nimai/ros2_sonia_ws/src/sonia_common_ros2/matlab_msg_gen/glnxa64/install/include/sonia_common_ros2/sonia_common_ros2/msg/detail/pose__builder.hpp
[37.096s] -- Installing: /home/nimai/ros2_sonia_ws/src/sonia_common_ros2/matlab_msg_gen/glnxa64/install/include/sonia_common_ros2/sonia_common_ros2/msg/detail/serial_message__struct.hpp
[37.096s] -- Installing: /home/nimai/ros2_sonia_ws/src/sonia_common_ros2/matlab_msg_gen/glnxa64/install/include/sonia_common_ros2/sonia_common_ros2/msg/mission_status.hpp
[37.097s] -- Installing: /home/nimai/ros2_sonia_ws/src/sonia_common_ros2/matlab_msg_gen/glnxa64/install/include/sonia_common_ros2/sonia_common_ros2/msg/pose_array.hpp
[37.097s] -- Installing: /home/nimai/ros2_sonia_ws/src/sonia_common_ros2/matlab_msg_gen/glnxa64/install/include/sonia_common_ros2/sonia_common_ros2/msg/kill_status.hpp
[37.097s] -- Installing: /home/nimai/ros2_sonia_ws/src/sonia_common_ros2/matlab_msg_gen/glnxa64/install/include/sonia_common_ros2/sonia_common_ros2/msg/pose.hpp
[37.097s] -- Installing: /home/nimai/ros2_sonia_ws/src/sonia_common_ros2/matlab_msg_gen/glnxa64/install/include/sonia_common_ros2/sonia_common_ros2/msg/serial_message.hpp
[37.097s] -- Up-to-date: /home/nimai/ros2_sonia_ws/src/sonia_common_ros2/matlab_msg_gen/glnxa64/install/include/sonia_common_ros2/sonia_common_ros2/srv
[37.097s] -- Installing: /home/nimai/ros2_sonia_ws/src/sonia_common_ros2/matlab_msg_gen/glnxa64/install/include/sonia_common_ros2/sonia_common_ros2/srv/serial_service.hpp
[37.097s] -- Up-to-date: /home/nimai/ros2_sonia_ws/src/sonia_common_ros2/matlab_msg_gen/glnxa64/install/include/sonia_common_ros2/sonia_common_ros2/srv/detail
[37.097s] -- Installing: /home/nimai/ros2_sonia_ws/src/sonia_common_ros2/matlab_msg_gen/glnxa64/install/include/sonia_common_ros2/sonia_common_ros2/srv/detail/serial_service__traits.hpp
[37.097s] -- Installing: /home/nimai/ros2_sonia_ws/src/sonia_common_ros2/matlab_msg_gen/glnxa64/install/include/sonia_common_ros2/sonia_common_ros2/srv/detail/dropper_service__struct.hpp
[37.097s] -- Installing: /home/nimai/ros2_sonia_ws/src/sonia_common_ros2/matlab_msg_gen/glnxa64/install/include/sonia_common_ros2/sonia_common_ros2/srv/detail/serial_service__builder.hpp
[37.097s] -- Installing: /home/nimai/ros2_sonia_ws/src/sonia_common_ros2/matlab_msg_gen/glnxa64/install/include/sonia_common_ros2/sonia_common_ros2/srv/detail/dropper_service__traits.hpp
[37.098s] -- Installing: /home/nimai/ros2_sonia_ws/src/sonia_common_ros2/matlab_msg_gen/glnxa64/install/include/sonia_common_ros2/sonia_common_ros2/srv/detail/dropper_service__builder.hpp
[37.098s] -- Installing: /home/nimai/ros2_sonia_ws/src/sonia_common_ros2/matlab_msg_gen/glnxa64/install/include/sonia_common_ros2/sonia_common_ros2/srv/detail/serial_service__struct.hpp
[37.098s] -- Installing: /home/nimai/ros2_sonia_ws/src/sonia_common_ros2/matlab_msg_gen/glnxa64/install/include/sonia_common_ros2/sonia_common_ros2/srv/dropper_service.hpp
[37.098s] -- Up-to-date: /home/nimai/ros2_sonia_ws/src/sonia_common_ros2/matlab_msg_gen/glnxa64/install/include/sonia_common_ros2/sonia_common_ros2
[37.098s] -- Up-to-date: /home/nimai/ros2_sonia_ws/src/sonia_common_ros2/matlab_msg_gen/glnxa64/install/include/sonia_common_ros2/sonia_common_ros2/msg
[37.098s] -- Installing: /home/nimai/ros2_sonia_ws/src/sonia_common_ros2/matlab_msg_gen/glnxa64/install/include/sonia_common_ros2/sonia_common_ros2/msg/rosidl_typesupport_fastrtps_cpp__visibility_control.h
[37.098s] -- Up-to-date: /home/nimai/ros2_sonia_ws/src/sonia_common_ros2/matlab_msg_gen/glnxa64/install/include/sonia_common_ros2/sonia_common_ros2/msg/detail
[37.098s] -- Installing: /home/nimai/ros2_sonia_ws/src/sonia_common_ros2/matlab_msg_gen/glnxa64/install/include/sonia_common_ros2/sonia_common_ros2/msg/detail/pose_array__rosidl_typesupport_fastrtps_cpp.hpp
[37.098s] -- Installing: /home/nimai/ros2_sonia_ws/src/sonia_common_ros2/matlab_msg_gen/glnxa64/install/include/sonia_common_ros2/sonia_common_ros2/msg/detail/kill_status__rosidl_typesupport_fastrtps_cpp.hpp
[37.098s] -- Installing: /home/nimai/ros2_sonia_ws/src/sonia_common_ros2/matlab_msg_gen/glnxa64/install/include/sonia_common_ros2/sonia_common_ros2/msg/detail/dds_fastrtps
[37.099s] -- Installing: /home/nimai/ros2_sonia_ws/src/sonia_common_ros2/matlab_msg_gen/glnxa64/install/include/sonia_common_ros2/sonia_common_ros2/msg/detail/mission_status__rosidl_typesupport_fastrtps_cpp.hpp
[37.099s] -- Installing: /home/nimai/ros2_sonia_ws/src/sonia_common_ros2/matlab_msg_gen/glnxa64/install/include/sonia_common_ros2/sonia_common_ros2/msg/detail/serial_message__rosidl_typesupport_fastrtps_cpp.hpp
[37.099s] -- Installing: /home/nimai/ros2_sonia_ws/src/sonia_common_ros2/matlab_msg_gen/glnxa64/install/include/sonia_common_ros2/sonia_common_ros2/msg/detail/pose__rosidl_typesupport_fastrtps_cpp.hpp
[37.099s] -- Up-to-date: /home/nimai/ros2_sonia_ws/src/sonia_common_ros2/matlab_msg_gen/glnxa64/install/include/sonia_common_ros2/sonia_common_ros2/srv
[37.099s] -- Up-to-date: /home/nimai/ros2_sonia_ws/src/sonia_common_ros2/matlab_msg_gen/glnxa64/install/include/sonia_common_ros2/sonia_common_ros2/srv/detail
[37.099s] -- Installing: /home/nimai/ros2_sonia_ws/src/sonia_common_ros2/matlab_msg_gen/glnxa64/install/include/sonia_common_ros2/sonia_common_ros2/srv/detail/dropper_service__rosidl_typesupport_fastrtps_cpp.hpp
[37.099s] -- Installing: /home/nimai/ros2_sonia_ws/src/sonia_common_ros2/matlab_msg_gen/glnxa64/install/include/sonia_common_ros2/sonia_common_ros2/srv/detail/dds_fastrtps
[37.099s] -- Installing: /home/nimai/ros2_sonia_ws/src/sonia_common_ros2/matlab_msg_gen/glnxa64/install/include/sonia_common_ros2/sonia_common_ros2/srv/detail/serial_service__rosidl_typesupport_fastrtps_cpp.hpp
[37.099s] -- Installing: /home/nimai/ros2_sonia_ws/src/sonia_common_ros2/matlab_msg_gen/glnxa64/install/lib/libsonia_common_ros2__rosidl_typesupport_fastrtps_cpp.so
[37.100s] -- Up-to-date: /home/nimai/ros2_sonia_ws/src/sonia_common_ros2/matlab_msg_gen/glnxa64/install/include/sonia_common_ros2/sonia_common_ros2
[37.100s] -- Up-to-date: /home/nimai/ros2_sonia_ws/src/sonia_common_ros2/matlab_msg_gen/glnxa64/install/include/sonia_common_ros2/sonia_common_ros2/msg
[37.100s] -- Up-to-date: /home/nimai/ros2_sonia_ws/src/sonia_common_ros2/matlab_msg_gen/glnxa64/install/include/sonia_common_ros2/sonia_common_ros2/msg/detail
[37.100s] -- Installing: /home/nimai/ros2_sonia_ws/src/sonia_common_ros2/matlab_msg_gen/glnxa64/install/include/sonia_common_ros2/sonia_common_ros2/msg/detail/pose__type_support.cpp
[37.100s] -- Installing: /home/nimai/ros2_sonia_ws/src/sonia_common_ros2/matlab_msg_gen/glnxa64/install/include/sonia_common_ros2/sonia_common_ros2/msg/detail/mission_status__rosidl_typesupport_introspection_cpp.hpp
[37.100s] -- Installing: /home/nimai/ros2_sonia_ws/src/sonia_common_ros2/matlab_msg_gen/glnxa64/install/include/sonia_common_ros2/sonia_common_ros2/msg/detail/pose__rosidl_typesupport_introspection_cpp.hpp
[37.100s] -- Installing: /home/nimai/ros2_sonia_ws/src/sonia_common_ros2/matlab_msg_gen/glnxa64/install/include/sonia_common_ros2/sonia_common_ros2/msg/detail/pose_array__type_support.cpp
[37.100s] -- Installing: /home/nimai/ros2_sonia_ws/src/sonia_common_ros2/matlab_msg_gen/glnxa64/install/include/sonia_common_ros2/sonia_common_ros2/msg/detail/kill_status__rosidl_typesupport_introspection_cpp.hpp
[37.100s] -- Installing: /home/nimai/ros2_sonia_ws/src/sonia_common_ros2/matlab_msg_gen/glnxa64/install/include/sonia_common_ros2/sonia_common_ros2/msg/detail/serial_message__rosidl_typesupport_introspection_cpp.hpp
[37.100s] -- Installing: /home/nimai/ros2_sonia_ws/src/sonia_common_ros2/matlab_msg_gen/glnxa64/install/include/sonia_common_ros2/sonia_common_ros2/msg/detail/mission_status__type_support.cpp
[37.100s] -- Installing: /home/nimai/ros2_sonia_ws/src/sonia_common_ros2/matlab_msg_gen/glnxa64/install/include/sonia_common_ros2/sonia_common_ros2/msg/detail/kill_status__type_support.cpp
[37.101s] -- Installing: /home/nimai/ros2_sonia_ws/src/sonia_common_ros2/matlab_msg_gen/glnxa64/install/include/sonia_common_ros2/sonia_common_ros2/msg/detail/pose_array__rosidl_typesupport_introspection_cpp.hpp
[37.101s] -- Installing: /home/nimai/ros2_sonia_ws/src/sonia_common_ros2/matlab_msg_gen/glnxa64/install/include/sonia_common_ros2/sonia_common_ros2/msg/detail/serial_message__type_support.cpp
[37.101s] -- Up-to-date: /home/nimai/ros2_sonia_ws/src/sonia_common_ros2/matlab_msg_gen/glnxa64/install/include/sonia_common_ros2/sonia_common_ros2/srv
[37.101s] -- Up-to-date: /home/nimai/ros2_sonia_ws/src/sonia_common_ros2/matlab_msg_gen/glnxa64/install/include/sonia_common_ros2/sonia_common_ros2/srv/detail
[37.101s] -- Installing: /home/nimai/ros2_sonia_ws/src/sonia_common_ros2/matlab_msg_gen/glnxa64/install/include/sonia_common_ros2/sonia_common_ros2/srv/detail/dropper_service__rosidl_typesupport_introspection_cpp.hpp
[37.101s] -- Installing: /home/nimai/ros2_sonia_ws/src/sonia_common_ros2/matlab_msg_gen/glnxa64/install/include/sonia_common_ros2/sonia_common_ros2/srv/detail/serial_service__rosidl_typesupport_introspection_cpp.hpp
[37.101s] -- Installing: /home/nimai/ros2_sonia_ws/src/sonia_common_ros2/matlab_msg_gen/glnxa64/install/include/sonia_common_ros2/sonia_common_ros2/srv/detail/serial_service__type_support.cpp
[37.101s] -- Installing: /home/nimai/ros2_sonia_ws/src/sonia_common_ros2/matlab_msg_gen/glnxa64/install/include/sonia_common_ros2/sonia_common_ros2/srv/detail/dropper_service__type_support.cpp
[37.101s] -- Installing: /home/nimai/ros2_sonia_ws/src/sonia_common_ros2/matlab_msg_gen/glnxa64/install/lib/libsonia_common_ros2__rosidl_typesupport_introspection_cpp.so
[37.102s] -- Installing: /home/nimai/ros2_sonia_ws/src/sonia_common_ros2/matlab_msg_gen/glnxa64/install/lib/libsonia_common_ros2__rosidl_typesupport_cpp.so
[37.102s] -- Installing: /home/nimai/ros2_sonia_ws/src/sonia_common_ros2/matlab_msg_gen/glnxa64/install/share/sonia_common_ros2/msg/KillStatus.idl
[37.102s] -- Installing: /home/nimai/ros2_sonia_ws/src/sonia_common_ros2/matlab_msg_gen/glnxa64/install/share/sonia_common_ros2/msg/MissionStatus.idl
[37.102s] -- Installing: /home/nimai/ros2_sonia_ws/src/sonia_common_ros2/matlab_msg_gen/glnxa64/install/share/sonia_common_ros2/msg/Pose.idl
[37.102s] -- Installing: /home/nimai/ros2_sonia_ws/src/sonia_common_ros2/matlab_msg_gen/glnxa64/install/share/sonia_common_ros2/msg/PoseArray.idl
[37.102s] -- Installing: /home/nimai/ros2_sonia_ws/src/sonia_common_ros2/matlab_msg_gen/glnxa64/install/share/sonia_common_ros2/msg/SerialMessage.idl
[37.103s] -- Installing: /home/nimai/ros2_sonia_ws/src/sonia_common_ros2/matlab_msg_gen/glnxa64/install/share/sonia_common_ros2/srv/DropperService.idl
[37.103s] -- Installing: /home/nimai/ros2_sonia_ws/src/sonia_common_ros2/matlab_msg_gen/glnxa64/install/share/sonia_common_ros2/srv/SerialService.idl
[37.103s] -- Installing: /home/nimai/ros2_sonia_ws/src/sonia_common_ros2/matlab_msg_gen/glnxa64/install/share/sonia_common_ros2/msg/KillStatus.msg
[37.103s] -- Installing: /home/nimai/ros2_sonia_ws/src/sonia_common_ros2/matlab_msg_gen/glnxa64/install/share/sonia_common_ros2/msg/MissionStatus.msg
[37.103s] -- Installing: /home/nimai/ros2_sonia_ws/src/sonia_common_ros2/matlab_msg_gen/glnxa64/install/share/sonia_common_ros2/msg/Pose.msg
[37.103s] -- Installing: /home/nimai/ros2_sonia_ws/src/sonia_common_ros2/matlab_msg_gen/glnxa64/install/share/sonia_common_ros2/msg/PoseArray.msg
[37.103s] -- Installing: /home/nimai/ros2_sonia_ws/src/sonia_common_ros2/matlab_msg_gen/glnxa64/install/share/sonia_common_ros2/msg/SerialMessage.msg
[37.103s] -- Installing: /home/nimai/ros2_sonia_ws/src/sonia_common_ros2/matlab_msg_gen/glnxa64/install/share/sonia_common_ros2/srv/DropperService.srv
[37.103s] -- Installing: /home/nimai/ros2_sonia_ws/src/sonia_common_ros2/matlab_msg_gen/glnxa64/install/share/sonia_common_ros2/srv/DropperService_Request.msg
[37.104s] -- Installing: /home/nimai/ros2_sonia_ws/src/sonia_common_ros2/matlab_msg_gen/glnxa64/install/share/sonia_common_ros2/srv/DropperService_Response.msg
[37.104s] -- Installing: /home/nimai/ros2_sonia_ws/src/sonia_common_ros2/matlab_msg_gen/glnxa64/install/share/sonia_common_ros2/srv/SerialService.srv
[37.104s] -- Installing: /home/nimai/ros2_sonia_ws/src/sonia_common_ros2/matlab_msg_gen/glnxa64/install/share/sonia_common_ros2/srv/SerialService_Request.msg
[37.104s] -- Installing: /home/nimai/ros2_sonia_ws/src/sonia_common_ros2/matlab_msg_gen/glnxa64/install/share/sonia_common_ros2/srv/SerialService_Response.msg
[37.104s] -- Up-to-date: /home/nimai/ros2_sonia_ws/src/sonia_common_ros2/matlab_msg_gen/glnxa64/install/include
[37.104s] -- Up-to-date: /home/nimai/ros2_sonia_ws/src/sonia_common_ros2/matlab_msg_gen/glnxa64/install/include/sonia_common_ros2
[37.104s] -- Installing: /home/nimai/ros2_sonia_ws/src/sonia_common_ros2/matlab_msg_gen/glnxa64/install/include/sonia_common_ros2/visibility_control.h
[37.104s] -- Installing: /home/nimai/ros2_sonia_ws/src/sonia_common_ros2/matlab_msg_gen/glnxa64/install/lib/libsonia_common_ros2_matlab.so
[37.141s] -- Installing: /home/nimai/ros2_sonia_ws/src/sonia_common_ros2/matlab_msg_gen/glnxa64/install/m/
[37.141s] -- Installing: /home/nimai/ros2_sonia_ws/src/sonia_common_ros2/matlab_msg_gen/glnxa64/install/m//+ros
[37.141s] -- Installing: /home/nimai/ros2_sonia_ws/src/sonia_common_ros2/matlab_msg_gen/glnxa64/install/m//+ros/+internal
[37.141s] -- Installing: /home/nimai/ros2_sonia_ws/src/sonia_common_ros2/matlab_msg_gen/glnxa64/install/m//+ros/+internal/+ros2
[37.141s] -- Installing: /home/nimai/ros2_sonia_ws/src/sonia_common_ros2/matlab_msg_gen/glnxa64/install/m//+ros/+internal/+ros2/+custommessages
[37.141s] -- Installing: /home/nimai/ros2_sonia_ws/src/sonia_common_ros2/matlab_msg_gen/glnxa64/install/m//+ros/+internal/+ros2/+custommessages/+sonia_common_ros2
[37.141s] -- Installing: /home/nimai/ros2_sonia_ws/src/sonia_common_ros2/matlab_msg_gen/glnxa64/install/m//+ros/+internal/+ros2/+custommessages/+sonia_common_ros2/missionStatus.m
[37.141s] -- Installing: /home/nimai/ros2_sonia_ws/src/sonia_common_ros2/matlab_msg_gen/glnxa64/install/m//+ros/+internal/+ros2/+custommessages/+sonia_common_ros2/dropperServiceResponse.m
[37.141s] -- Installing: /home/nimai/ros2_sonia_ws/src/sonia_common_ros2/matlab_msg_gen/glnxa64/install/m//+ros/+internal/+ros2/+custommessages/+sonia_common_ros2/killStatus.m
[37.141s] -- Installing: /home/nimai/ros2_sonia_ws/src/sonia_common_ros2/matlab_msg_gen/glnxa64/install/m//+ros/+internal/+ros2/+custommessages/+sonia_common_ros2/serialServiceResponse.m
[37.141s] -- Installing: /home/nimai/ros2_sonia_ws/src/sonia_common_ros2/matlab_msg_gen/glnxa64/install/m//+ros/+internal/+ros2/+custommessages/+sonia_common_ros2/serialMessage.m
[37.142s] -- Installing: /home/nimai/ros2_sonia_ws/src/sonia_common_ros2/matlab_msg_gen/glnxa64/install/m//+ros/+internal/+ros2/+custommessages/+sonia_common_ros2/dropperServiceRequest.m
[37.142s] -- Installing: /home/nimai/ros2_sonia_ws/src/sonia_common_ros2/matlab_msg_gen/glnxa64/install/m//+ros/+internal/+ros2/+custommessages/+sonia_common_ros2/poseArray.m
[37.142s] -- Installing: /home/nimai/ros2_sonia_ws/src/sonia_common_ros2/matlab_msg_gen/glnxa64/install/m//+ros/+internal/+ros2/+custommessages/+sonia_common_ros2/pose.m
[37.142s] -- Installing: /home/nimai/ros2_sonia_ws/src/sonia_common_ros2/matlab_msg_gen/glnxa64/install/m//+ros/+internal/+ros2/+custommessages/+sonia_common_ros2/serialServiceRequest.m
[37.142s] -- Installing: /home/nimai/ros2_sonia_ws/src/sonia_common_ros2/matlab_msg_gen/glnxa64/install/share/ament_index/resource_index/package_run_dependencies/sonia_common_ros2
[37.142s] -- Installing: /home/nimai/ros2_sonia_ws/src/sonia_common_ros2/matlab_msg_gen/glnxa64/install/share/ament_index/resource_index/parent_prefix_path/sonia_common_ros2
[37.142s] -- Installing: /home/nimai/ros2_sonia_ws/src/sonia_common_ros2/matlab_msg_gen/glnxa64/install/share/sonia_common_ros2/environment/ament_prefix_path.sh
[37.143s] -- Installing: /home/nimai/ros2_sonia_ws/src/sonia_common_ros2/matlab_msg_gen/glnxa64/install/share/sonia_common_ros2/environment/ament_prefix_path.dsv
[37.143s] -- Installing: /home/nimai/ros2_sonia_ws/src/sonia_common_ros2/matlab_msg_gen/glnxa64/install/share/sonia_common_ros2/environment/path.sh
[37.143s] -- Installing: /home/nimai/ros2_sonia_ws/src/sonia_common_ros2/matlab_msg_gen/glnxa64/install/share/sonia_common_ros2/environment/path.dsv
[37.143s] -- Installing: /home/nimai/ros2_sonia_ws/src/sonia_common_ros2/matlab_msg_gen/glnxa64/install/share/sonia_common_ros2/local_setup.bash
[37.143s] -- Installing: /home/nimai/ros2_sonia_ws/src/sonia_common_ros2/matlab_msg_gen/glnxa64/install/share/sonia_common_ros2/local_setup.sh
[37.143s] -- Installing: /home/nimai/ros2_sonia_ws/src/sonia_common_ros2/matlab_msg_gen/glnxa64/install/share/sonia_common_ros2/local_setup.zsh
[37.143s] -- Installing: /home/nimai/ros2_sonia_ws/src/sonia_common_ros2/matlab_msg_gen/glnxa64/install/share/sonia_common_ros2/local_setup.dsv
[37.143s] -- Installing: /home/nimai/ros2_sonia_ws/src/sonia_common_ros2/matlab_msg_gen/glnxa64/install/share/sonia_common_ros2/package.dsv
[37.144s] -- Installing: /home/nimai/ros2_sonia_ws/src/sonia_common_ros2/matlab_msg_gen/glnxa64/install/share/ament_index/resource_index/packages/sonia_common_ros2
[37.144s] -- Installing: /home/nimai/ros2_sonia_ws/src/sonia_common_ros2/matlab_msg_gen/glnxa64/install/share/sonia_common_ros2/cmake/export_sonia_common_ros2__rosidl_generator_cExport.cmake
[37.144s] -- Installing: /home/nimai/ros2_sonia_ws/src/sonia_common_ros2/matlab_msg_gen/glnxa64/install/share/sonia_common_ros2/cmake/export_sonia_common_ros2__rosidl_generator_cExport-release.cmake
[37.144s] -- Installing: /home/nimai/ros2_sonia_ws/src/sonia_common_ros2/matlab_msg_gen/glnxa64/install/share/sonia_common_ros2/cmake/export_sonia_common_ros2__rosidl_typesupport_fastrtps_cExport.cmake
[37.144s] -- Installing: /home/nimai/ros2_sonia_ws/src/sonia_common_ros2/matlab_msg_gen/glnxa64/install/share/sonia_common_ros2/cmake/export_sonia_common_ros2__rosidl_typesupport_fastrtps_cExport-release.cmake
[37.144s] -- Installing: /home/nimai/ros2_sonia_ws/src/sonia_common_ros2/matlab_msg_gen/glnxa64/install/share/sonia_common_ros2/cmake/sonia_common_ros2__rosidl_typesupport_introspection_cExport.cmake
[37.144s] -- Installing: /home/nimai/ros2_sonia_ws/src/sonia_common_ros2/matlab_msg_gen/glnxa64/install/share/sonia_common_ros2/cmake/sonia_common_ros2__rosidl_typesupport_introspection_cExport-release.cmake
[37.145s] -- Installing: /home/nimai/ros2_sonia_ws/src/sonia_common_ros2/matlab_msg_gen/glnxa64/install/share/sonia_common_ros2/cmake/sonia_common_ros2__rosidl_typesupport_cExport.cmake
[37.145s] -- Installing: /home/nimai/ros2_sonia_ws/src/sonia_common_ros2/matlab_msg_gen/glnxa64/install/share/sonia_common_ros2/cmake/sonia_common_ros2__rosidl_typesupport_cExport-release.cmake
[37.145s] -- Installing: /home/nimai/ros2_sonia_ws/src/sonia_common_ros2/matlab_msg_gen/glnxa64/install/share/sonia_common_ros2/cmake/export_sonia_common_ros2__rosidl_generator_cppExport.cmake
[37.145s] -- Installing: /home/nimai/ros2_sonia_ws/src/sonia_common_ros2/matlab_msg_gen/glnxa64/install/share/sonia_common_ros2/cmake/export_sonia_common_ros2__rosidl_typesupport_fastrtps_cppExport.cmake
[37.145s] -- Installing: /home/nimai/ros2_sonia_ws/src/sonia_common_ros2/matlab_msg_gen/glnxa64/install/share/sonia_common_ros2/cmake/export_sonia_common_ros2__rosidl_typesupport_fastrtps_cppExport-release.cmake
[37.145s] -- Installing: /home/nimai/ros2_sonia_ws/src/sonia_common_ros2/matlab_msg_gen/glnxa64/install/share/sonia_common_ros2/cmake/sonia_common_ros2__rosidl_typesupport_introspection_cppExport.cmake
[37.145s] -- Installing: /home/nimai/ros2_sonia_ws/src/sonia_common_ros2/matlab_msg_gen/glnxa64/install/share/sonia_common_ros2/cmake/sonia_common_ros2__rosidl_typesupport_introspection_cppExport-release.cmake
[37.146s] -- Installing: /home/nimai/ros2_sonia_ws/src/sonia_common_ros2/matlab_msg_gen/glnxa64/install/share/sonia_common_ros2/cmake/sonia_common_ros2__rosidl_typesupport_cppExport.cmake
[37.146s] -- Installing: /home/nimai/ros2_sonia_ws/src/sonia_common_ros2/matlab_msg_gen/glnxa64/install/share/sonia_common_ros2/cmake/sonia_common_ros2__rosidl_typesupport_cppExport-release.cmake
[37.146s] -- Installing: /home/nimai/ros2_sonia_ws/src/sonia_common_ros2/matlab_msg_gen/glnxa64/install/share/sonia_common_ros2/cmake/rosidl_cmake-extras.cmake
[37.146s] -- Installing: /home/nimai/ros2_sonia_ws/src/sonia_common_ros2/matlab_msg_gen/glnxa64/install/share/sonia_common_ros2/cmake/ament_cmake_export_dependencies-extras.cmake
[37.146s] -- Installing: /home/nimai/ros2_sonia_ws/src/sonia_common_ros2/matlab_msg_gen/glnxa64/install/share/sonia_common_ros2/cmake/ament_cmake_export_include_directories-extras.cmake
[37.146s] -- Installing: /home/nimai/ros2_sonia_ws/src/sonia_common_ros2/matlab_msg_gen/glnxa64/install/share/sonia_common_ros2/cmake/ament_cmake_export_libraries-extras.cmake
[37.146s] -- Installing: /home/nimai/ros2_sonia_ws/src/sonia_common_ros2/matlab_msg_gen/glnxa64/install/share/sonia_common_ros2/cmake/ament_cmake_export_targets-extras.cmake
[37.147s] -- Installing: /home/nimai/ros2_sonia_ws/src/sonia_common_ros2/matlab_msg_gen/glnxa64/install/share/sonia_common_ros2/cmake/rosidl_cmake_export_typesupport_targets-extras.cmake
[37.147s] -- Installing: /home/nimai/ros2_sonia_ws/src/sonia_common_ros2/matlab_msg_gen/glnxa64/install/share/sonia_common_ros2/cmake/rosidl_cmake_export_typesupport_libraries-extras.cmake
[37.147s] -- Installing: /home/nimai/ros2_sonia_ws/src/sonia_common_ros2/matlab_msg_gen/glnxa64/install/share/sonia_common_ros2/cmake/sonia_common_ros2Config.cmake
[37.147s] -- Installing: /home/nimai/ros2_sonia_ws/src/sonia_common_ros2/matlab_msg_gen/glnxa64/install/share/sonia_common_ros2/cmake/sonia_common_ros2Config-version.cmake
[37.147s] -- Installing: /home/nimai/ros2_sonia_ws/src/sonia_common_ros2/matlab_msg_gen/glnxa64/install/share/sonia_common_ros2/package.xml
[37.150s] Invoked command in '/home/nimai/ros2_sonia_ws/src/sonia_common_ros2/matlab_msg_gen/glnxa64/build/sonia_common_ros2' returned '0': PS1=(venv) VIRTUAL_ENV_PROMPT=(venv) /usr/local/MATLAB/R2024a/bin/glnxa64/cmake/bin/cmake --install /home/nimai/ros2_sonia_ws/src/sonia_common_ros2/matlab_msg_gen/glnxa64/build/sonia_common_ros2
